[
    /*{
        "Key": "yjdab",
        "DisplayName": "孕检档案表",
        "Mapper": "FieldMaps/BasicInfo.map",
        "CanNew": true,
        "NewStep": "OpenDocTabForNew",
        "ModifyStep": "OpenDocTabForModify",
        "Account": { "Admin": "上传 && 创建档案|上传 && 修改档案" }
    },*/
    {
        "Key": "fkbc",
        "DisplayName": "妻子妇科B超检查表",
        "Mapper": "FieldMaps/GynaecologyBMod.map",
        "CanNew": false,
        "NewStep": "Init",
        "ModifyStep": "OpenDocTabForBMod",
        "Account": { "Admin": "上传 && 修改档案" }
    },
    {
        "Key": "qzybqk",
        "DisplayName": "妻子一般情况表",
        "Mapper": "FieldMaps/WifeBasicInfo.map",
        "CanNew": false,
        "NewStep": "Init",
        "ModifyStep": "OpenDocTabForWifeBasicInfo",
        "Account": { "Admin": "修改一般情况表" }
    },
    {
        "Key": "qztg",
        "DisplayName": "妻子体格检查表",
        "Mapper": "FieldMaps/WifePhysique.map",
        "CanNew": false,
        "NewStep": "Init",
        "ModifyStep": "OpenDocTabForWifeCheck",
        "Parameter": "BodyCheck",
        "Account": { "Admin": "修改体格检查表" }
    },
    {
        "Key": "qzfk",
        "DisplayName": "妻子妇科检查表",
        "Mapper": "FieldMaps/WifeGynecologyCheck.map",
        "CanNew": false,
        "NewStep": "Init",
        "ModifyStep": "OpenDocTabForWifeCheck",
        "Parameter": "GynecologyCheck",
        "Account": { "Admin": "修改妇科检查表" }
    },
    {
        "Key": "qzlj",
        "DisplayName": "妻子临床检验表",
        "Mapper": "FieldMaps/WifeClinical.map",
        "CanNew": false,
        "NewStep": "Init",
        "ModifyStep": "OpenDocTabForWifeClinical",
        "Account": { "Admin": "临床检验开单", "Clinical": "完善临床检验" }
    },
    {
        "Key": "zfybqk",
        "DisplayName": "丈夫一般情况表",
        "Mapper": "FieldMaps/HusBasicInfo.map",
        "CanNew": false,
        "NewStep": "Init",
        "ModifyStep": "OpenDocTabForHusBasicInfo",
        "Account": { "Admin": "修改一般情况表" }
    },
    {
        "Key": "zftg",
        "DisplayName": "丈夫体格检查表",
        "Mapper": "FieldMaps/HusPhysique.map",
        "CanNew": false,
        "NewStep": "Init",
        "ModifyStep": "OpenDocTabForHusCheck",
        "Parameter": "BodyCheck",
        "Account": { "Admin": "修改体格检查表" }
    },
    {
        "Key": "zfnk",
        "DisplayName": "丈夫男科检查表",
        "Mapper": "FieldMaps/HusAndrologyCheck.map",
        "CanNew": false,
        "NewStep": "Init",
        "ModifyStep": "OpenDocTabForHusCheck",
        "Parameter": "AndrologyCheck",
        "Account": { "Admin": "修改男科检查表" }
    },
    {
        "Key": "zflj",
        "DisplayName": "丈夫临床检验表",
        "Mapper": "FieldMaps/HusClinical.map",
        "CanNew": false,
        "NewStep": "Init",
        "ModifyStep": "OpenDocTabForHusClinical",
        "Account": { "Admin": "临床检验开单", "Clinical": "完善临床检验" }
    }
]
